// Jest Snapshot v1, https://goo.gl/fbAQLP

exports[`DateSlider Component renders correctly 1`] = `
<div
  className="management_dates"
  onMouseDown={[Function]}
>
  <div
    className="date_cards_otr"
    data-testid="date-card"
  >
    <div
      className="date_card_otr "
      data-testid="date-card-outer"
    >
      <div
        className="date_card_inr"
      >
        <h3
          className="date_text"
        >
          February 5, 2024
        </h3>
        <p
          className="day_text"
        >
          Monday
        </p>
      </div>
    </div>
    <div
      className="date_card_otr "
      data-testid="date-card-outer"
    >
      <div
        className="date_card_inr"
      >
        <h3
          className="date_text"
        >
          February 6, 2024
        </h3>
        <p
          className="day_text"
        >
          Tuesday
        </p>
      </div>
    </div>
    <div
      className="date_card_otr "
      data-testid="date-card-outer"
    >
      <div
        className="date_card_inr"
      >
        <h3
          className="date_text"
        >
          February 7, 2024
        </h3>
        <p
          className="day_text"
        >
          Wednesday
        </p>
      </div>
    </div>
    <div
      className="date_card_otr "
      data-testid="date-card-outer"
    >
      <div
        className="date_card_inr"
      >
        <h3
          className="date_text"
        >
          February 8, 2024
        </h3>
        <p
          className="day_text"
        >
          Thursday
        </p>
      </div>
    </div>
    <div
      className="date_card_otr "
      data-testid="date-card-outer"
    >
      <div
        className="date_card_inr"
      >
        <h3
          className="date_text"
        >
          February 9, 2024
        </h3>
        <p
          className="day_text"
        >
          Friday
        </p>
      </div>
    </div>
    <div
      className="date_card_otr "
      data-testid="date-card-outer"
    >
      <div
        className="date_card_inr"
      >
        <h3
          className="date_text"
        >
          February 10, 2024
        </h3>
        <p
          className="day_text"
        >
          Saturday
        </p>
      </div>
    </div>
    <div
      className="date_card_otr "
      data-testid="date-card-outer"
    >
      <div
        className="date_card_inr"
      >
        <h3
          className="date_text"
        >
          February 11, 2024
        </h3>
        <p
          className="day_text"
        >
          Sunday
        </p>
      </div>
    </div>
  </div>
  <div
    className="arrows_otr"
  >
    <div
      className="arrow_otr left_arrow"
      data-testid="left-arrow"
      onClick={[Function]}
    >
      <img
        alt="left-icon"
        className="arrow_icon"
        src="test-file-stub"
      />
    </div>
    <div
      className="arrow_otr right_arrow"
      data-testid="right-arrow"
      onClick={[Function]}
    >
      <img
        alt="right-icon"
        className="arrow_icon"
        src="test-file-stub"
      />
    </div>
  </div>
  <div
    className="post_row_custom"
    data-testid="post-card"
  >
    <div
      className="post_cards_otr"
    >
      <div
        className="post_card_inr empty-post"
      />
    </div>
    <div
      className="post_cards_otr"
    >
      <div
        className="post_card_inr empty-post"
      />
    </div>
    <div
      className="post_cards_otr"
    >
      <div
        className="post_card_inr empty-post"
      />
    </div>
    <div
      className="post_cards_otr"
    >
      <div
        className="post_card_inr undefined"
      >
        <div
          className="card_header"
          data-testid="card-header"
          onClick={[Function]}
        >
          <div
            className="heading_tag"
          >
            <h3
              className="card_heading"
            >
              <a
                href="/eventmanagement"
                onClick={[Function]}
              >
                undefined2/8/2024
              </a>
            </h3>
          </div>
          <div
            className="location_time"
          >
            <div
              className="icon_text_otr"
            >
              <img
                alt="time-icon"
                className="icon"
                src="test-file-stub"
              />
              <p
                className="icon_text"
              />
            </div>
            <div
              className="icon_text_otr location_text_otr"
            >
              <img
                alt="location-icon"
                className="icon"
                src="test-file-stub"
              />
              <p
                className="icon_text"
              />
            </div>
          </div>
        </div>
        <div
          className="card_body "
          data-testid="card-body"
        >
          <div
            className="profile_otr"
          >
            <img
              alt="img"
              className="profile_img"
            />
            <div
              className="profile_text"
            >
              <p
                className="user_name"
              />
              <p
                className="user_post"
              />
            </div>
          </div>
          <div
            className="info_icons_otr"
          >
            <div
              className="info_icon_inr"
            >
              <div
                className="icon_tooltip icon_tooltip1"
              >
                <p
                  className="tooltip_text"
                />
              </div>
              <img
                alt="icon"
                className="icon_img"
              />
            </div>
            <div
              className="info_icon_inr"
            >
              <div
                className="icon_tooltip icon_tooltip2"
              >
                <p
                  className="tooltip_text"
                />
              </div>
              <img
                alt="icon"
                className="icon_img"
              />
            </div>
            <div
              className="info_icon_inr"
            >
              <div
                className="icon_tooltip icon_tooltip3"
              >
                <p
                  className="tooltip_text"
                />
              </div>
              <img
                alt="icon"
                className="icon_img"
              />
            </div>
          </div>
          <div
            className="task_equipments_otr"
          >
            <div
              className="task_otr content_otr"
            >
              <p
                className="task_text"
              >
                <a
                  href="/eventmanagement"
                  onClick={[Function]}
                >
                  Tasks
                </a>
              </p>
              <div
                className="task_row"
              >
                <div
                  className="task_num_inr"
                >
                  <p
                    className="red_arrow_num arrow_num"
                  />
                  <p
                    className="yellow_arrow_num arrow_num"
                  />
                  <p
                    className="green_arrow_num arrow_num"
                  />
                </div>
                <div
                  className="task_arrow_inr"
                >
                  <ul
                    className="red_arrow"
                  />
                  <ul
                    className="yellow_arrow"
                  />
                  <ul
                    className="green_arrow"
                  />
                </div>
              </div>
            </div>
            <div
              className="task_otr content_otr"
            >
              <p
                className="task_text"
              >
                <a
                  href="/"
                  onClick={[Function]}
                >
                  Equipment
                </a>
              </p>
              <div
                className="task_row"
              >
                <div
                  className="task_num_inr"
                >
                  <p
                    className="red_arrow_num arrow_num"
                  />
                  <p
                    className="yellow_arrow_num arrow_num"
                  />
                  <p
                    className="green_arrow_num arrow_num"
                  />
                </div>
                <div
                  className="task_arrow_inr"
                >
                  <ul
                    className="red_arrow"
                  />
                  <ul
                    className="yellow_arrow"
                  />
                  <ul
                    className="green_arrow"
                  />
                </div>
              </div>
            </div>
            <div
              className="task_otr content_otr"
            >
              <p
                className="task_text"
              >
                <a
                  href="/"
                  onClick={[Function]}
                >
                  Inventory
                </a>
              </p>
              <div
                className="task_row"
              >
                <div
                  className="task_num_inr"
                >
                  <p
                    className="red_arrow_num arrow_num"
                  />
                  <p
                    className="yellow_arrow_num arrow_num"
                  />
                  <p
                    className="green_arrow_num arrow_num"
                  />
                </div>
                <div
                  className="task_arrow_inr"
                >
                  <ul
                    className="red_arrow"
                  />
                  <ul
                    className="yellow_arrow"
                  />
                  <ul
                    className="green_arrow"
                  />
                </div>
              </div>
            </div>
            <div
              className="task_otr content_otr"
            >
              <p
                className="task_text"
              >
                <a
                  href="/"
                  onClick={[Function]}
                >
                  Staffing
                </a>
              </p>
              <div
                className="task_row"
              >
                <div
                  className="task_num_inr"
                >
                  <p
                    className="red_arrow_num arrow_num"
                  />
                  <p
                    className="yellow_arrow_num arrow_num"
                  />
                  <p
                    className="green_arrow_num arrow_num"
                  />
                </div>
                <div
                  className="task_arrow_inr"
                >
                  <ul
                    className="red_arrow"
                  />
                  <ul
                    className="yellow_arrow"
                  />
                  <ul
                    className="green_arrow"
                  />
                </div>
              </div>
            </div>
          </div>
          <div
            className="sales_profit"
          >
            <div
              className="forcast_otr"
            >
              <p
                className="forcast_text"
              >
                Forecast Sales
              </p>
              <p
                className="sales_money"
              />
            </div>
            <span
              className="line"
            />
            <div
              className="forcast_otr"
            >
              <p
                className="forcast_text"
              >
                Forecast Sales
              </p>
              <p
                className="sales_money"
              />
            </div>
          </div>
        </div>
      </div>
    </div>
    <div
      className="post_cards_otr"
    >
      <div
        className="post_card_inr undefined"
      >
        <div
          className="card_header"
          data-testid="card-header"
          onClick={[Function]}
        >
          <div
            className="heading_tag"
          >
            <h3
              className="card_heading"
            >
              <a
                href="/eventmanagement"
                onClick={[Function]}
              >
                undefined2/9/2024
              </a>
            </h3>
          </div>
          <div
            className="location_time"
          >
            <div
              className="icon_text_otr"
            >
              <img
                alt="time-icon"
                className="icon"
                src="test-file-stub"
              />
              <p
                className="icon_text"
              />
            </div>
            <div
              className="icon_text_otr location_text_otr"
            >
              <img
                alt="location-icon"
                className="icon"
                src="test-file-stub"
              />
              <p
                className="icon_text"
              />
            </div>
          </div>
        </div>
        <div
          className="card_body "
          data-testid="card-body"
        >
          <div
            className="profile_otr"
          >
            <img
              alt="img"
              className="profile_img"
            />
            <div
              className="profile_text"
            >
              <p
                className="user_name"
              />
              <p
                className="user_post"
              />
            </div>
          </div>
          <div
            className="info_icons_otr"
          >
            <div
              className="info_icon_inr"
            >
              <div
                className="icon_tooltip icon_tooltip1"
              >
                <p
                  className="tooltip_text"
                />
              </div>
              <img
                alt="icon"
                className="icon_img"
              />
            </div>
            <div
              className="info_icon_inr"
            >
              <div
                className="icon_tooltip icon_tooltip2"
              >
                <p
                  className="tooltip_text"
                />
              </div>
              <img
                alt="icon"
                className="icon_img"
              />
            </div>
            <div
              className="info_icon_inr"
            >
              <div
                className="icon_tooltip icon_tooltip3"
              >
                <p
                  className="tooltip_text"
                />
              </div>
              <img
                alt="icon"
                className="icon_img"
              />
            </div>
          </div>
          <div
            className="task_equipments_otr"
          >
            <div
              className="task_otr content_otr"
            >
              <p
                className="task_text"
              >
                <a
                  href="/eventmanagement"
                  onClick={[Function]}
                >
                  Tasks
                </a>
              </p>
              <div
                className="task_row"
              >
                <div
                  className="task_num_inr"
                >
                  <p
                    className="red_arrow_num arrow_num"
                  />
                  <p
                    className="yellow_arrow_num arrow_num"
                  />
                  <p
                    className="green_arrow_num arrow_num"
                  />
                </div>
                <div
                  className="task_arrow_inr"
                >
                  <ul
                    className="red_arrow"
                  />
                  <ul
                    className="yellow_arrow"
                  />
                  <ul
                    className="green_arrow"
                  />
                </div>
              </div>
            </div>
            <div
              className="task_otr content_otr"
            >
              <p
                className="task_text"
              >
                <a
                  href="/"
                  onClick={[Function]}
                >
                  Equipment
                </a>
              </p>
              <div
                className="task_row"
              >
                <div
                  className="task_num_inr"
                >
                  <p
                    className="red_arrow_num arrow_num"
                  />
                  <p
                    className="yellow_arrow_num arrow_num"
                  />
                  <p
                    className="green_arrow_num arrow_num"
                  />
                </div>
                <div
                  className="task_arrow_inr"
                >
                  <ul
                    className="red_arrow"
                  />
                  <ul
                    className="yellow_arrow"
                  />
                  <ul
                    className="green_arrow"
                  />
                </div>
              </div>
            </div>
            <div
              className="task_otr content_otr"
            >
              <p
                className="task_text"
              >
                <a
                  href="/"
                  onClick={[Function]}
                >
                  Inventory
                </a>
              </p>
              <div
                className="task_row"
              >
                <div
                  className="task_num_inr"
                >
                  <p
                    className="red_arrow_num arrow_num"
                  />
                  <p
                    className="yellow_arrow_num arrow_num"
                  />
                  <p
                    className="green_arrow_num arrow_num"
                  />
                </div>
                <div
                  className="task_arrow_inr"
                >
                  <ul
                    className="red_arrow"
                  />
                  <ul
                    className="yellow_arrow"
                  />
                  <ul
                    className="green_arrow"
                  />
                </div>
              </div>
            </div>
            <div
              className="task_otr content_otr"
            >
              <p
                className="task_text"
              >
                <a
                  href="/"
                  onClick={[Function]}
                >
                  Staffing
                </a>
              </p>
              <div
                className="task_row"
              >
                <div
                  className="task_num_inr"
                >
                  <p
                    className="red_arrow_num arrow_num"
                  />
                  <p
                    className="yellow_arrow_num arrow_num"
                  />
                  <p
                    className="green_arrow_num arrow_num"
                  />
                </div>
                <div
                  className="task_arrow_inr"
                >
                  <ul
                    className="red_arrow"
                  />
                  <ul
                    className="yellow_arrow"
                  />
                  <ul
                    className="green_arrow"
                  />
                </div>
              </div>
            </div>
          </div>
          <div
            className="sales_profit"
          >
            <div
              className="forcast_otr"
            >
              <p
                className="forcast_text"
              >
                Forecast Sales
              </p>
              <p
                className="sales_money"
              />
            </div>
            <span
              className="line"
            />
            <div
              className="forcast_otr"
            >
              <p
                className="forcast_text"
              >
                Forecast Sales
              </p>
              <p
                className="sales_money"
              />
            </div>
          </div>
        </div>
      </div>
    </div>
    <div
      className="post_cards_otr"
    >
      <div
        className="post_card_inr undefined"
      >
        <div
          className="card_header"
          data-testid="card-header"
          onClick={[Function]}
        >
          <div
            className="heading_tag"
          >
            <h3
              className="card_heading"
            >
              <a
                href="/eventmanagement"
                onClick={[Function]}
              >
                undefined2/10/2024
              </a>
            </h3>
          </div>
          <div
            className="location_time"
          >
            <div
              className="icon_text_otr"
            >
              <img
                alt="time-icon"
                className="icon"
                src="test-file-stub"
              />
              <p
                className="icon_text"
              />
            </div>
            <div
              className="icon_text_otr location_text_otr"
            >
              <img
                alt="location-icon"
                className="icon"
                src="test-file-stub"
              />
              <p
                className="icon_text"
              />
            </div>
          </div>
        </div>
        <div
          className="card_body "
          data-testid="card-body"
        >
          <div
            className="profile_otr"
          >
            <img
              alt="img"
              className="profile_img"
            />
            <div
              className="profile_text"
            >
              <p
                className="user_name"
              />
              <p
                className="user_post"
              />
            </div>
          </div>
          <div
            className="info_icons_otr"
          >
            <div
              className="info_icon_inr"
            >
              <div
                className="icon_tooltip icon_tooltip1"
              >
                <p
                  className="tooltip_text"
                />
              </div>
              <img
                alt="icon"
                className="icon_img"
              />
            </div>
            <div
              className="info_icon_inr"
            >
              <div
                className="icon_tooltip icon_tooltip2"
              >
                <p
                  className="tooltip_text"
                />
              </div>
              <img
                alt="icon"
                className="icon_img"
              />
            </div>
            <div
              className="info_icon_inr"
            >
              <div
                className="icon_tooltip icon_tooltip3"
              >
                <p
                  className="tooltip_text"
                />
              </div>
              <img
                alt="icon"
                className="icon_img"
              />
            </div>
          </div>
          <div
            className="task_equipments_otr"
          >
            <div
              className="task_otr content_otr"
            >
              <p
                className="task_text"
              >
                <a
                  href="/eventmanagement"
                  onClick={[Function]}
                >
                  Tasks
                </a>
              </p>
              <div
                className="task_row"
              >
                <div
                  className="task_num_inr"
                >
                  <p
                    className="red_arrow_num arrow_num"
                  />
                  <p
                    className="yellow_arrow_num arrow_num"
                  />
                  <p
                    className="green_arrow_num arrow_num"
                  />
                </div>
                <div
                  className="task_arrow_inr"
                >
                  <ul
                    className="red_arrow"
                  />
                  <ul
                    className="yellow_arrow"
                  />
                  <ul
                    className="green_arrow"
                  />
                </div>
              </div>
            </div>
            <div
              className="task_otr content_otr"
            >
              <p
                className="task_text"
              >
                <a
                  href="/"
                  onClick={[Function]}
                >
                  Equipment
                </a>
              </p>
              <div
                className="task_row"
              >
                <div
                  className="task_num_inr"
                >
                  <p
                    className="red_arrow_num arrow_num"
                  />
                  <p
                    className="yellow_arrow_num arrow_num"
                  />
                  <p
                    className="green_arrow_num arrow_num"
                  />
                </div>
                <div
                  className="task_arrow_inr"
                >
                  <ul
                    className="red_arrow"
                  />
                  <ul
                    className="yellow_arrow"
                  />
                  <ul
                    className="green_arrow"
                  />
                </div>
              </div>
            </div>
            <div
              className="task_otr content_otr"
            >
              <p
                className="task_text"
              >
                <a
                  href="/"
                  onClick={[Function]}
                >
                  Inventory
                </a>
              </p>
              <div
                className="task_row"
              >
                <div
                  className="task_num_inr"
                >
                  <p
                    className="red_arrow_num arrow_num"
                  />
                  <p
                    className="yellow_arrow_num arrow_num"
                  />
                  <p
                    className="green_arrow_num arrow_num"
                  />
                </div>
                <div
                  className="task_arrow_inr"
                >
                  <ul
                    className="red_arrow"
                  />
                  <ul
                    className="yellow_arrow"
                  />
                  <ul
                    className="green_arrow"
                  />
                </div>
              </div>
            </div>
            <div
              className="task_otr content_otr"
            >
              <p
                className="task_text"
              >
                <a
                  href="/"
                  onClick={[Function]}
                >
                  Staffing
                </a>
              </p>
              <div
                className="task_row"
              >
                <div
                  className="task_num_inr"
                >
                  <p
                    className="red_arrow_num arrow_num"
                  />
                  <p
                    className="yellow_arrow_num arrow_num"
                  />
                  <p
                    className="green_arrow_num arrow_num"
                  />
                </div>
                <div
                  className="task_arrow_inr"
                >
                  <ul
                    className="red_arrow"
                  />
                  <ul
                    className="yellow_arrow"
                  />
                  <ul
                    className="green_arrow"
                  />
                </div>
              </div>
            </div>
          </div>
          <div
            className="sales_profit"
          >
            <div
              className="forcast_otr"
            >
              <p
                className="forcast_text"
              >
                Forecast Sales
              </p>
              <p
                className="sales_money"
              />
            </div>
            <span
              className="line"
            />
            <div
              className="forcast_otr"
            >
              <p
                className="forcast_text"
              >
                Forecast Sales
              </p>
              <p
                className="sales_money"
              />
            </div>
          </div>
        </div>
      </div>
    </div>
    <div
      className="post_cards_otr"
    >
      <div
        className="post_card_inr empty-post"
      />
    </div>
  </div>
</div>
`;
